// Jest Snapshot v1, https://jestjs.io/docs/snapshot-testing

exports[`FourKHDHub handle avengers: endgame 1`] = `
[
  {
    "meta": {
      "bytes": 67645734912,
      "countryCodes": [
        "multi",
        "en",
        "hi",
      ],
      "height": 2160,
      "title": "Avengers Endgame (2019) 2160p 4K UHD HDR10 BluRay REMUX x265 10bit HEVC [Org Hindi DDP 5.1  640Kbps + English DTS-HDMA TrueHD Atmos 7.1] ESubs  FGT",
    },
    "url": "https://hubcloud.foo/drive/iucvnehopzt48c1",
  },
  {
    "meta": {
      "bytes": 50036368998,
      "countryCodes": [
        "multi",
        "en",
        "hi",
      ],
      "height": 1080,
      "title": "Avengers Endgame (2019) 1080p BluRay REMUX x264 AVC [Org Hindi DDP 5.1 ~ 640Kbps + English DTS-HDMA TrueHD Atmos 7.1] ESubs ~ FGT",
    },
    "url": "https://hubcloud.foo/drive/ucp81jufn8pobei",
  },
  {
    "meta": {
      "bytes": 37795712204,
      "countryCodes": [
        "multi",
        "en",
        "hi",
      ],
      "height": 2160,
      "title": "Avengers.Endgame.2019.IMAX.2160p.DSNP.WEB-DL.HIN-ENG.x265.10bit.HDR.DTS-HD.MA.TrueHD.7.1.Atmos-SWTYBLZ",
    },
    "url": "https://hubcloud.foo/drive/visgvyc4vw40sb4",
  },
  {
    "meta": {
      "bytes": 26736171417,
      "countryCodes": [
        "multi",
        "en",
        "hi",
      ],
      "height": 1080,
      "title": "[144FPS].Avengers.Endgame.1080p.IMAX.DSNP.WEBRip.Dual.DDP5.1.Atmos.H.265.Homelander",
    },
    "url": "https://hubcloud.foo/drive/3rhv1h6n3hsrnod",
  },
  {
    "meta": {
      "bytes": 20615843020,
      "countryCodes": [
        "multi",
        "en",
        "hi",
      ],
      "height": 1080,
      "title": "Avengers Endgame (2019) 1080p BluRay x264 AVC [Org Hindi DDP 5.1 ~ 640Kbps + English DTS-HDMA 7.1] ESubs ~ FGT",
    },
    "url": "https://hubcloud.foo/drive/gara4j9b4uzgjtg",
  },
  {
    "meta": {
      "bytes": 17824114278,
      "countryCodes": [
        "multi",
        "en",
        "hi",
      ],
      "height": 1080,
      "title": "[60FPS].Avengers.Endgame.1080p.IMAX.DSNP.WEBRip.Dual.DDP5.1.Atmos.H.265.Homelander",
    },
    "url": "https://hubcloud.foo/drive/1qmsr8wkmr2m1qw",
  },
  {
    "meta": {
      "bytes": 15998753177,
      "countryCodes": [
        "multi",
        "en",
        "hi",
      ],
      "height": 2160,
      "title": "Avengers Endgame (2019) 2160p 4K UHD  HDR10 BluRay x265 10bit HEVC [Org Hindi DDP 5.1 ~ 640Kbps + English DTS-HDMA 7.1] ESubs ~ TERMiNAL",
    },
    "url": "https://hubcloud.foo/drive/xkrhsqktrrlqmrb",
  },
  {
    "meta": {
      "bytes": 9126805504,
      "countryCodes": [
        "multi",
        "en",
        "hi",
      ],
      "height": 2160,
      "title": "Avengers Endgame (2019) 2160p Bluray x265 HEVC 10bit [Org Hindi DDP 5.1 ~192Kbps + English AAC 7.1] ESub - Joy [UTR]",
    },
    "url": "https://hubcloud.foo/drive/1or45vfv5rvvfvi",
  },
  {
    "meta": {
      "bytes": 8321499136,
      "countryCodes": [
        "multi",
        "en",
        "hi",
      ],
      "height": 1080,
      "title": "Avengers Endgame (2019) 1080p [IMAX] 10bit DSNP WEB-DL x265 HEVC [Org Hindi DDP 5.1 ~ 640Kbps + English AAC 5.1] ESubs ~ Silence",
    },
    "url": "https://hubcloud.foo/drive/qlge1eobb64sy0p",
  },
  {
    "meta": {
      "bytes": 8010114007,
      "countryCodes": [
        "multi",
        "en",
        "hi",
      ],
      "height": 1080,
      "title": "Avengers Endgame (2019) 1080p BluRay x264 {Dual Audio} {Hindi DD 2.0-Eng BD 5.1} ESub By~Hammer~",
    },
    "url": "https://hubcloud.foo/drive/xr4xfnj1hef1dew",
  },
  {
    "meta": {
      "bytes": 7730941132,
      "countryCodes": [
        "multi",
        "en",
        "hi",
      ],
      "height": 1080,
      "title": "Avengers - Endgame (2019) 1080p [60FPS] 10bit BluRay x265 HEVC [Org HS Hindi DD+ 5.1Ch 192Kbps + English DD 5.1] ESubs ~MORNINGSTAR",
    },
    "url": "https://hubcloud.foo/drive/99nx1ygp6nzyivh",
  },
  {
    "meta": {
      "bytes": 7000796692,
      "countryCodes": [
        "multi",
        "en",
        "hi",
      ],
      "height": 1080,
      "title": "Avengers Endgame (2019) 1080p 10bit BluRay x265 HEVC [Org Hindi DDP 5.1 ~ 640Kbps + English AAC 7.1] ESubs ~ Tigole",
    },
    "url": "https://hubcloud.foo/drive/99nx1ygp6nzyivh",
  },
  {
    "meta": {
      "bytes": 4015794421,
      "countryCodes": [
        "multi",
        "en",
        "hi",
      ],
      "height": 1080,
      "title": "Avengers Endgame (2019) 1080p UHD HDR10 BluRay x265 10bit HEVC [Org Hindi DDP 5.1 - 640Kbps + English DD 5.1] ESubs - Pahe",
    },
    "url": "https://hubcloud.foo/drive/2whcw1ke1dkwwsk",
  },
]
`;

exports[`FourKHDHub handle crank 2006 1`] = `
[
  {
    "meta": {
      "bytes": 17255031111,
      "countryCodes": [
        "multi",
        "en",
        "hi",
      ],
      "height": 1080,
      "title": "Crank (2006) Director's Cut 1080p BluRay REMUX VC-1 [Hindi AMZN DDP 5.1 ~ 640kbps + English DTS-HD HRA 5.1] ESubs ~ (Arrow) FraMeSToR.mkv",
    },
    "url": "https://hubdrive.space/file/14019654338",
  },
  {
    "meta": {
      "bytes": 10479720202,
      "countryCodes": [
        "multi",
        "en",
        "hi",
      ],
      "height": 1080,
      "title": "Crank (2006) Director's Cut 1080p BluRay x264 [Hindi AMZN DDP 5.1 ~ 640kbps + English DTS] ESubs ~ (Arrow) CtrlHD.mkv",
    },
    "url": "https://hubdrive.space/file/3499951460",
  },
  {
    "meta": {
      "bytes": 4176855695,
      "countryCodes": [
        "multi",
        "en",
        "hi",
      ],
      "height": 1080,
      "title": "Crank (2006) Director's Cut 1080p 10bit BluRay x265 HEVC [Hindi AMZN DDP 5.1 ~ 640Kbps + English DD 5.1] ESubs ~ (Arrow) Chivaman.mkv",
    },
    "url": "https://hubdrive.space/file/2344141892",
  },
  {
    "meta": {
      "bytes": 4176855695,
      "countryCodes": [
        "multi",
        "en",
        "hi",
      ],
      "height": 1080,
      "title": "Crank (2006) Director's Cut 1080p 10bit BluRay x265 HEVC [Hindi AMZN DDP 5.1 ~ 640Kbps + English DD 5.1] ESubs ~ (Arrow) Chivaman.mkv",
    },
    "url": "https://hubcdn.fans/file/2344141892",
  },
]
`;

exports[`FourKHDHub handle crayon shin-chan 1993 1`] = `
[
  {
    "meta": {
      "bytes": 28550795100,
      "countryCodes": [
        "multi",
        "hi",
        "ja",
      ],
      "height": 1080,
      "title": "Crayon Shinchan Action Kamen vs Demon (1993) 1080p BluRay REMUX AVC [Hindi DD 2.0 + Japanese FLAC 2.0] (PitiPati-Ionicboy) (4kHDHub.com).mkv",
    },
    "url": "https://hubcloud.foo/drive/bffzqlpqfllfcld",
  },
  {
    "meta": {
      "bytes": 28550795100,
      "countryCodes": [
        "multi",
        "hi",
        "ja",
      ],
      "height": 1080,
      "title": "Crayon Shinchan Action Kamen vs Demon (1993) 1080p BluRay REMUX AVC [Hindi DD 2.0 + Japanese FLAC 2.0] (PitiPati-Ionicboy) (4kHDHub.com).mkv",
    },
    "url": "https://gadgetsweb.xyz/?id=Q1dxTzFnbjhrQm5kMG5lL01tQzcvblZxSithZnFJTFdic1JwYUxHVkpZZ1VvanRzVnVvcVBxWUZHa0VueWRTYk1JZ011ajdDZEt2eXMwQitVaDRWZVE9PQ==",
  },
  {
    "meta": {
      "bytes": 10383083438,
      "countryCodes": [
        "multi",
        "hi",
        "ja",
      ],
      "height": 1080,
      "title": "Crayon Shinchan Action Kamen vs Demon (1993) 1080p BluRay [Hindi DD 2.0 + Japanese DD 2.0] x264 (WiKi-Ionicboy) (4kHDHub.com).mkv",
    },
    "url": "https://hubcloud.foo/drive/zsn5msss5usmasw",
  },
  {
    "meta": {
      "bytes": 10383083438,
      "countryCodes": [
        "multi",
        "hi",
        "ja",
      ],
      "height": 1080,
      "title": "Crayon Shinchan Action Kamen vs Demon (1993) 1080p BluRay [Hindi DD 2.0 + Japanese DD 2.0] x264 (WiKi-Ionicboy) (4kHDHub.com).mkv",
    },
    "url": "https://gadgetsweb.xyz/?id=Q1dxTzFnbjhrQm5kMG5lL01tQzcvblZxSithZnFJTFdic1JwYUxHVkpZaUNUQThoNEt1UmVvWkpDNTdnQjc0dFZ6QS93VFFiLzBaU0FjUTd2MlZUU3c9PQ==",
  },
  {
    "meta": {
      "bytes": 5776731013,
      "countryCodes": [
        "multi",
        "hi",
        "ja",
      ],
      "height": 1080,
      "title": "Crayon Shinchan Action Kamen vs Demon (1993) 1080p 10bit BluRay HEVC [Hindi DD 2.0 + Japanese DD 2.0] H.265 (WiKi-Ionicboy) (4kHDHub.com).mkv",
    },
    "url": "https://hubcloud.foo/drive/vlv5sssjtztvrsc",
  },
  {
    "meta": {
      "bytes": 5776731013,
      "countryCodes": [
        "multi",
        "hi",
        "ja",
      ],
      "height": 1080,
      "title": "Crayon Shinchan Action Kamen vs Demon (1993) 1080p 10bit BluRay HEVC [Hindi DD 2.0 + Japanese DD 2.0] H.265 (WiKi-Ionicboy) (4kHDHub.com).mkv",
    },
    "url": "https://gadgetsweb.xyz/?id=Q1dxTzFnbjhrQm5kMG5lL01tQzcvblZxSithZnFJTFdic1JwYUxHVkpZaXFqcXFuUmhucDEvVm12RE5KeGtkR3JZb3k3YmNYWTdobGpyL0JQYU9TcGc9PQ==",
  },
]
`;

exports[`FourKHDHub handle crayon shin-chan 1998 1`] = `[]`;

exports[`FourKHDHub handle dark 2017 s01e02 1`] = `
[
  {
    "meta": {
      "bytes": 2126008811,
      "countryCodes": [
        "multi",
        "de",
        "en",
      ],
      "height": 1080,
      "title": "Dark.S01E02.Lies.1080p.NF.WEB-DL.English.DDP5.1-German.DDP5.1.Atmos.H.264-4kHdHub.Com.mkv",
    },
    "url": "https://hubcloud.foo/drive/rq7tg4llqgks1tq",
  },
  {
    "meta": {
      "bytes": 2126008811,
      "countryCodes": [
        "multi",
        "de",
        "en",
      ],
      "height": 1080,
      "title": "Dark.S01E02.Lies.1080p.NF.WEB-DL.English.DDP5.1-German.DDP5.1.Atmos.H.264-4kHdHub.Com.mkv",
    },
    "url": "https://gadgetsweb.xyz/?id=Q1dxTzFnbjhrQm5kMG5lL01tQzcvblZxSithZnFJTFdic1JwYUxHVkpZaDRTT05RMmphMzBKMlp5S0RKdy9kZWdwWDNTOVJzeVhBOFo4MEpUbDllOFE9PQ==",
  },
  {
    "meta": {
      "bytes": 4348654387,
      "countryCodes": [
        "multi",
        "de",
        "en",
      ],
      "height": 2160,
      "title": "Dark.S01E02.Lies.2160p.NF.WEB-DL.DUAL.DDP5.1.Atmos.H.265-4kHdHub.Com.mkv",
    },
    "url": "https://hubcloud.foo/drive/p1uulgcc4g4k9cq",
  },
  {
    "meta": {
      "bytes": 4348654387,
      "countryCodes": [
        "multi",
        "de",
        "en",
      ],
      "height": 2160,
      "title": "Dark.S01E02.Lies.2160p.NF.WEB-DL.DUAL.DDP5.1.Atmos.H.265-4kHdHub.Com.mkv",
    },
    "url": "https://gadgetsweb.xyz/?id=Q1dxTzFnbjhrQm5kMG5lL01tQzcvblZxSithZnFJTFdic1JwYUxHVkpZajl5ajJpMlp4WitzVy9oMU1pWlM1L0hFd1o1OVVNbmtxcHp3dy9CT3dhU0E9PQ==",
  },
]
`;

exports[`FourKHDHub handle dexter original sin 2024 s01e01 1`] = `
[
  {
    "meta": {
      "bytes": 5733781340,
      "countryCodes": [
        "multi",
        "en",
      ],
      "height": 2160,
      "title": "Dexter.Original.Sin.S01E01.2160p.SKST.WEB-DL.H.265.DDP5.1-Tyrell.mkv",
    },
    "url": "https://hubcloud.foo/drive/idt1evqfuviqiei",
  },
  {
    "meta": {
      "bytes": 5733781340,
      "countryCodes": [
        "multi",
        "en",
      ],
      "height": 2160,
      "title": "Dexter.Original.Sin.S01E01.2160p.SKST.WEB-DL.H.265.DDP5.1-Tyrell.mkv",
    },
    "url": "https://gadgetsweb.xyz/?id=Q1dxTzFnbjhrQm5kMG5lL01tQzcvblZxSithZnFJTFdic1JwYUxHVkpZaEJQVEZmM3Jkc3J0SllxSHkyQTNlbUlRWC9sUlVROER0VU03aGlXQ3pDamc9PQ==",
  },
  {
    "meta": {
      "bytes": 5143223336,
      "countryCodes": [
        "multi",
        "en",
      ],
      "height": 2160,
      "title": "Dexter.Original.Sin.S01E01.2160p.PMTP.WEB-DL.DDP5.1.DV.H.265-Tyrell.mkv",
    },
    "url": "https://hubcloud.foo/drive/v6yd0pgnyteceev",
  },
  {
    "meta": {
      "bytes": 5143223336,
      "countryCodes": [
        "multi",
        "en",
      ],
      "height": 2160,
      "title": "Dexter.Original.Sin.S01E01.2160p.PMTP.WEB-DL.DDP5.1.DV.H.265-Tyrell.mkv",
    },
    "url": "https://gadgetsweb.xyz/?id=Q1dxTzFnbjhrQm5kMG5lL01tQzcvblZxSithZnFJTFdic1JwYUxHVkpZaWl2ZTRXU3E3cVFxdjlhdTFaNjZ4SUFLdUE1L1AwNlFuTk03ZUt2WU9PMVE9PQ==",
  },
  {
    "meta": {
      "bytes": 5046586572,
      "countryCodes": [
        "multi",
        "en",
      ],
      "height": 2160,
      "title": "Dexter.Original.Sin.S01E01.2160p.PMTP.WEB-DL.DDP5.1.HDR.H.265-Tyrell.mkv",
    },
    "url": "https://hubcloud.foo/drive/6f11sgo1qosl60k",
  },
  {
    "meta": {
      "bytes": 5046586572,
      "countryCodes": [
        "multi",
        "en",
      ],
      "height": 2160,
      "title": "Dexter.Original.Sin.S01E01.2160p.PMTP.WEB-DL.DDP5.1.HDR.H.265-Tyrell.mkv",
    },
    "url": "https://gadgetsweb.xyz/?id=Q1dxTzFnbjhrQm5kMG5lL01tQzcvblZxSithZnFJTFdic1JwYUxHVkpZZzFnZzZrNktVU1lLR1J0YUJndTgrSmhJaTJkWm1XZENsbjlOTjFJekJId0E9PQ==",
  },
  {
    "meta": {
      "bytes": 5057323991,
      "countryCodes": [
        "multi",
        "en",
      ],
      "height": 2160,
      "title": "Dexter.Original.Sin.S01E01.2160p.PMTP.WEB-DL.DDP5.1.DV.HDR.H.265-Tyrell.mkv",
    },
    "url": "https://hubcloud.foo/drive/ugrbggibuhb1ggd",
  },
  {
    "meta": {
      "bytes": 5057323991,
      "countryCodes": [
        "multi",
        "en",
      ],
      "height": 2160,
      "title": "Dexter.Original.Sin.S01E01.2160p.PMTP.WEB-DL.DDP5.1.DV.HDR.H.265-Tyrell.mkv",
    },
    "url": "https://gadgetsweb.xyz/?id=Q1dxTzFnbjhrQm5kMG5lL01tQzcvblZxSithZnFJTFdic1JwYUxHVkpZalh1bDFpTms5REN0ZldPY3ZBeWV5RXl4aE1KQTcrbDd3WXFhbXlEeE5FdFE9PQ==",
  },
]
`;

exports[`FourKHDHub handle dexter resurrection 2025 s01e01 1`] = `
[
  {
    "meta": {
      "bytes": 6012954214,
      "countryCodes": [
        "multi",
        "en",
      ],
      "height": 2160,
      "title": "Dexter.Resurrection.S01E01.A.Beating.Heart.2160p.AMZN.WEB-DL.English.DDP5.1.H.265-4kHdHub.Com.mkv",
    },
    "url": "https://hubcloud.foo/drive/sa0mjerabpraxas",
  },
  {
    "meta": {
      "bytes": 6012954214,
      "countryCodes": [
        "multi",
        "en",
      ],
      "height": 2160,
      "title": "Dexter.Resurrection.S01E01.A.Beating.Heart.2160p.AMZN.WEB-DL.English.DDP5.1.H.265-4kHdHub.Com.mkv",
    },
    "url": "https://gadgetsweb.xyz/?id=Q1dxTzFnbjhrQm5kMG5lL01tQzcvblZxSithZnFJTFdic1JwYUxHVkpZamJPbHBOY0JhNlU3RllQZGFiZUFEYjZ3Q3JOcSt0NHVaTHJkQmx2VUJPZnc9PQ==",
  },
  {
    "meta": {
      "bytes": 3285649981,
      "countryCodes": [
        "multi",
        "en",
      ],
      "height": 1080,
      "title": "Dexter.Resurrection.S01E01.A.Beating.Heart.1080p.AMZN.WEB-DL.English.DDP5.1.H.264-4kHdHub.Com.mkv",
    },
    "url": "https://hubcloud.foo/drive/xzdxd7iexxxxx2v",
  },
  {
    "meta": {
      "bytes": 3285649981,
      "countryCodes": [
        "multi",
        "en",
      ],
      "height": 1080,
      "title": "Dexter.Resurrection.S01E01.A.Beating.Heart.1080p.AMZN.WEB-DL.English.DDP5.1.H.264-4kHdHub.Com.mkv",
    },
    "url": "https://gadgetsweb.xyz/?id=Q1dxTzFnbjhrQm5kMG5lL01tQzcvblZxSithZnFJTFdic1JwYUxHVkpZaUg5UUxpdnBnay9DZVJVMm8rU2NUbWtkaXdBUEN1RzVnaWt5R2hBNmFLa3c9PQ==",
  },
  {
    "meta": {
      "bytes": 935109591,
      "countryCodes": [
        "multi",
        "en",
      ],
      "height": 1080,
      "title": "Dexter.Resurrection.S01E01.A.Beating.Heart.1080p.AMZN.WEB-DL.English.DDP5.1.H.265-4kHdHub.Com.mkv",
    },
    "url": "https://hubcloud.foo/drive/2hs2gt33gcggocc",
  },
  {
    "meta": {
      "bytes": 935109591,
      "countryCodes": [
        "multi",
        "en",
      ],
      "height": 1080,
      "title": "Dexter.Resurrection.S01E01.A.Beating.Heart.1080p.AMZN.WEB-DL.English.DDP5.1.H.265-4kHdHub.Com.mkv",
    },
    "url": "https://gadgetsweb.xyz/?id=Q1dxTzFnbjhrQm5kMG5lL01tQzcvblZxSithZnFJTFdic1JwYUxHVkpZZ1NJNlFmc1pQSEJxTlp3cGFGb1BucHJPZzJoNFdhbzczUGt2UnJra0twRkE9PQ==",
  },
]
`;

exports[`FourKHDHub handle dust bunny 1`] = `
[
  {
    "meta": {
      "bytes": 21270825533,
      "countryCodes": [
        "multi",
        "en",
        "hi",
        "ta",
        "te",
      ],
      "height": 2160,
      "title": "Dust.Bunny.2025.2160p.iT.WEB-DL.MULTi.DDP5.1.Atmos.DV.HDR.H.265-4kHdHub.Com.mkv",
    },
    "url": "https://hubcloud.foo/drive/1ccg71bfegvg5b5",
  },
  {
    "meta": {
      "bytes": 21270825533,
      "countryCodes": [
        "multi",
        "en",
        "hi",
        "ta",
        "te",
      ],
      "height": 2160,
      "title": "Dust.Bunny.2025.2160p.iT.WEB-DL.MULTi.DDP5.1.Atmos.DV.HDR.H.265-4kHdHub.Com.mkv",
    },
    "url": "https://gadgetsweb.xyz/?id=Q1dxTzFnbjhrQm5kMG5lL01tQzcvblZxSithZnFJTFdic1JwYUxHVkpZZ3lkK1l4bUMyODIyZjVkVGhwckdZSW9XTEpkYyt6VEc1QW15bmU5UkRnbEE9PQ==",
  },
  {
    "meta": {
      "bytes": 14023068221,
      "countryCodes": [
        "multi",
        "en",
        "hi",
        "ta",
        "te",
      ],
      "height": 2160,
      "title": "Dust.Bunny.2025.2160p.AMZN.WEB-DL.MULTi.DDP5.1.Atmos.H.265-4kHdHub.Com.mkv",
    },
    "url": "https://hubcloud.foo/drive/lpajaei37paul6i",
  },
  {
    "meta": {
      "bytes": 14023068221,
      "countryCodes": [
        "multi",
        "en",
        "hi",
        "ta",
        "te",
      ],
      "height": 2160,
      "title": "Dust.Bunny.2025.2160p.AMZN.WEB-DL.MULTi.DDP5.1.Atmos.H.265-4kHdHub.Com.mkv",
    },
    "url": "https://gadgetsweb.xyz/?id=Q1dxTzFnbjhrQm5kMG5lL01tQzcvblZxSithZnFJTFdic1JwYUxHVkpZaWpGVDdaZUhiQnp5MS9Icml6OVlzcTNRYll6QXpVYXh3WDBtUDFlVGpleHc9PQ==",
  },
  {
    "meta": {
      "bytes": 10007273799,
      "countryCodes": [
        "multi",
        "en",
        "hi",
        "ta",
        "te",
      ],
      "height": 1080,
      "title": "Dust.Bunny.2025.1080p.iT.WEB-DL.MULTi.DDP5.1.Atmos.H.264-4kHdHub.Com.mkv",
    },
    "url": "https://hubcloud.foo/drive/uvxdbgbhsm154ms",
  },
  {
    "meta": {
      "bytes": 10007273799,
      "countryCodes": [
        "multi",
        "en",
        "hi",
        "ta",
        "te",
      ],
      "height": 1080,
      "title": "Dust.Bunny.2025.1080p.iT.WEB-DL.MULTi.DDP5.1.Atmos.H.264-4kHdHub.Com.mkv",
    },
    "url": "https://gadgetsweb.xyz/?id=Q1dxTzFnbjhrQm5kMG5lL01tQzcvblZxSithZnFJTFdic1JwYUxHVkpZaUNRcVpoM1E5aUlnWTVyS05iSFhzR3YwNGpJTjRGYVByN3diOExsZ1lMU0E9PQ==",
  },
  {
    "meta": {
      "bytes": 5583457484,
      "countryCodes": [
        "multi",
        "en",
        "hi",
        "ta",
        "te",
      ],
      "height": 1080,
      "title": "DUST.BUNNY.2026.1080p.AMZN.WEB-DL.Multi.DDP5.1.H.264-4kHdHub.Com.mkv",
    },
    "url": "https://hubcloud.foo/drive/actdbq2ir2x8wkk",
  },
  {
    "meta": {
      "bytes": 5583457484,
      "countryCodes": [
        "multi",
        "en",
        "hi",
        "ta",
        "te",
      ],
      "height": 1080,
      "title": "DUST.BUNNY.2026.1080p.AMZN.WEB-DL.Multi.DDP5.1.H.264-4kHdHub.Com.mkv",
    },
    "url": "https://gadgetsweb.xyz/?id=Q1dxTzFnbjhrQm5kMG5lL01tQzcvblZxSithZnFJTFdic1JwYUxHVkpZaE82WmppVmd2ZkdDdDcxQ0VkYmtFQVBub3JUVDFjcFVSc3kyeCtmVC9mb2c9PQ==",
  },
  {
    "meta": {
      "bytes": 2866890670,
      "countryCodes": [
        "multi",
        "en",
        "hi",
        "ta",
        "te",
      ],
      "height": 1080,
      "title": "DUST.BUNNY.2026.1080p.AMZN.WEB-DL.Multi.DDP5.1.H.265-4kHdHub.Com.mkv",
    },
    "url": "https://hubcloud.foo/drive/xiym1yhr1przff9",
  },
  {
    "meta": {
      "bytes": 2866890670,
      "countryCodes": [
        "multi",
        "en",
        "hi",
        "ta",
        "te",
      ],
      "height": 1080,
      "title": "DUST.BUNNY.2026.1080p.AMZN.WEB-DL.Multi.DDP5.1.H.265-4kHdHub.Com.mkv",
    },
    "url": "https://gadgetsweb.xyz/?id=Q1dxTzFnbjhrQm5kMG5lL01tQzcvblZxSithZnFJTFdic1JwYUxHVkpZalB0NW5kOEMrTENTZEVFWE5LcS9DRDdHdHIxa0lPVFphTGpJUTRxeFZRWnc9PQ==",
  },
]
`;

exports[`FourKHDHub handle f1 1`] = `
[
  {
    "meta": {
      "bytes": 71296457113,
      "countryCodes": [
        "multi",
        "en",
        "hi",
        "ta",
        "te",
      ],
      "height": 2160,
      "title": "F1 - The Movie (2025) 2160p UHD BluRay REMUX DV HDR 10bit HEVC [Hindi-Tamil-Telugu DDP 5.1 + English TrueHD Atmos 7.1] x265 (CiNPEHiLES-LUMiX).mkv",
    },
    "url": "https://hubcloud.foo/drive/sbj15b8jgaxbnnq",
  },
  {
    "meta": {
      "bytes": 71296457113,
      "countryCodes": [
        "multi",
        "en",
        "hi",
        "ta",
        "te",
      ],
      "height": 2160,
      "title": "F1 - The Movie (2025) 2160p UHD BluRay REMUX DV HDR 10bit HEVC [Hindi-Tamil-Telugu DDP 5.1 + English TrueHD Atmos 7.1] x265 (CiNPEHiLES-LUMiX).mkv",
    },
    "url": "https://gadgetsweb.xyz/?id=Q1dxTzFnbjhrQm5kMG5lL01tQzcvblZxSithZnFJTFdic1JwYUxHVkpZZzNvU1RqQ3lQNldmNVdLMlZGL2xIblNOQ0xwcjNzMFRKV2dSd2FVR0JuM1E9PQ==",
  },
  {
    "meta": {
      "bytes": 41414222151,
      "countryCodes": [
        "multi",
        "en",
        "hi",
        "ta",
        "te",
      ],
      "height": 2160,
      "title": "F1 - The Movie (2025) 2160p UHD BluRay DV HDR 10bit HEVC [Hindi-Tamil-Telugu DDP 5.1 + English TrueHD Atmos 7.1] x265 (WiKi-LUMiX).mkv",
    },
    "url": "https://hubcloud.foo/drive/0ii553mi0xjiixo",
  },
  {
    "meta": {
      "bytes": 41414222151,
      "countryCodes": [
        "multi",
        "en",
        "hi",
        "ta",
        "te",
      ],
      "height": 2160,
      "title": "F1 - The Movie (2025) 2160p UHD BluRay DV HDR 10bit HEVC [Hindi-Tamil-Telugu DDP 5.1 + English TrueHD Atmos 7.1] x265 (WiKi-LUMiX).mkv",
    },
    "url": "https://gadgetsweb.xyz/?id=Q1dxTzFnbjhrQm5kMG5lL01tQzcvblZxSithZnFJTFdic1JwYUxHVkpZalY2QWc3eHpnVUJpTlFmdFlFMERZejB0bFZMMlh6UmpUVVF4RjQxV3Y1WVE9PQ==",
  },
  {
    "meta": {
      "bytes": 30096983326,
      "countryCodes": [
        "multi",
        "en",
        "hi",
        "ta",
        "te",
      ],
      "height": 2160,
      "title": "F1 - The Movie (2025) 2160p iT WEB-DL 10bit HEVC [Hindi-Tamil-Telugu DDP 5.1 + English TrueHD Atmos 7.1] x265 (WADU-LUMiX).mkv",
    },
    "url": "https://hubcloud.foo/drive/vuaxnarwlevl0nw",
  },
  {
    "meta": {
      "bytes": 30096983326,
      "countryCodes": [
        "multi",
        "en",
        "hi",
        "ta",
        "te",
      ],
      "height": 2160,
      "title": "F1 - The Movie (2025) 2160p iT WEB-DL 10bit HEVC [Hindi-Tamil-Telugu DDP 5.1 + English TrueHD Atmos 7.1] x265 (WADU-LUMiX).mkv",
    },
    "url": "https://gadgetsweb.xyz/?id=Q1dxTzFnbjhrQm5kMG5lL01tQzcvblZxSithZnFJTFdic1JwYUxHVkpZaWhqZ3hPdWgrdWtoZ0M0OEQ5Tlc2STVMVWsrZ2pDaVZiUDFIS2xRaVY5Mmc9PQ==",
  },
  {
    "meta": {
      "bytes": 29785598197,
      "countryCodes": [
        "multi",
        "en",
        "hi",
        "ta",
        "te",
      ],
      "height": 1080,
      "title": "F1 - The Movie (2025) 1080p BluRay REMUX AVC [Hindi-Tamil-Telugu DDP 5.1 + English TrueHD Atmos 7.1] x264 (HDT-LUMiX).mkv",
    },
    "url": "https://hubcloud.foo/drive/ycoim8u1jihngjc",
  },
  {
    "meta": {
      "bytes": 29785598197,
      "countryCodes": [
        "multi",
        "en",
        "hi",
        "ta",
        "te",
      ],
      "height": 1080,
      "title": "F1 - The Movie (2025) 1080p BluRay REMUX AVC [Hindi-Tamil-Telugu DDP 5.1 + English TrueHD Atmos 7.1] x264 (HDT-LUMiX).mkv",
    },
    "url": "https://gadgetsweb.xyz/?id=Q1dxTzFnbjhrQm5kMG5lL01tQzcvblZxSithZnFJTFdic1JwYUxHVkpZZ1lQQ0RReUdQdEFkUnV3UExkb1lQSUNBVTZJQi9sSndxV1ZWMGxkQkxTdUE9PQ==",
  },
  {
    "meta": {
      "bytes": 21496311316,
      "countryCodes": [
        "multi",
        "en",
        "hi",
        "ta",
        "te",
      ],
      "height": 1080,
      "title": "F1 - The Movie (2025) 1080p UHD BluRay DV HDR 10bit HEVC [Hindi-Tamil-Telugu DDP 5.1 + English DDP 7.1] x265 (HiDt-LUMiX).mkv",
    },
    "url": "https://hubcloud.foo/drive/1eeyidcyrsiin17",
  },
  {
    "meta": {
      "bytes": 21496311316,
      "countryCodes": [
        "multi",
        "en",
        "hi",
        "ta",
        "te",
      ],
      "height": 1080,
      "title": "F1 - The Movie (2025) 1080p UHD BluRay DV HDR 10bit HEVC [Hindi-Tamil-Telugu DDP 5.1 + English DDP 7.1] x265 (HiDt-LUMiX).mkv",
    },
    "url": "https://gadgetsweb.xyz/?id=Q1dxTzFnbjhrQm5kMG5lL01tQzcvblZxSithZnFJTFdic1JwYUxHVkpZaEFpa3JBVHcrcldhTGtlUmpwdTE3NFRnQ2hmdklOZ0pOSVlBWXlPRTZOa2c9PQ==",
  },
  {
    "meta": {
      "bytes": 19520626360,
      "countryCodes": [
        "multi",
        "en",
        "hi",
        "ta",
        "te",
      ],
      "height": 1080,
      "title": "F1 - The Movie (2025) 1080p BluRay [Hindi-Tamil-Telugu DDP 5.1 + English DDP 7.1] x264 (SPHD-LUMiX).mkv",
    },
    "url": "https://hubcloud.foo/drive/az6ttan8ssdusn1",
  },
  {
    "meta": {
      "bytes": 19520626360,
      "countryCodes": [
        "multi",
        "en",
        "hi",
        "ta",
        "te",
      ],
      "height": 1080,
      "title": "F1 - The Movie (2025) 1080p BluRay [Hindi-Tamil-Telugu DDP 5.1 + English DDP 7.1] x264 (SPHD-LUMiX).mkv",
    },
    "url": "https://gadgetsweb.xyz/?id=Q1dxTzFnbjhrQm5kMG5lL01tQzcvblZxSithZnFJTFdic1JwYUxHVkpZaGRHL1RGMG9lczZrV0xrNGdpVnp4VS9JV2hwdnlOd3h0ZDBRaTJpb3hhbUE9PQ==",
  },
  {
    "meta": {
      "bytes": 11424613007,
      "countryCodes": [
        "multi",
        "en",
        "hi",
        "ta",
        "te",
      ],
      "height": 1080,
      "title": "F1 - The Movie (2025) 1080p BluRay 10bit HEVC [Hindi-Tamil-Telugu DDP 5.1 + English DDP 5.1] x265 (StOiC-LUMiX).mkv",
    },
    "url": "https://hubcloud.foo/drive/osj1xhy1lpsop5n",
  },
  {
    "meta": {
      "bytes": 11424613007,
      "countryCodes": [
        "multi",
        "en",
        "hi",
        "ta",
        "te",
      ],
      "height": 1080,
      "title": "F1 - The Movie (2025) 1080p BluRay 10bit HEVC [Hindi-Tamil-Telugu DDP 5.1 + English DDP 5.1] x265 (StOiC-LUMiX).mkv",
    },
    "url": "https://gadgetsweb.xyz/?id=Q1dxTzFnbjhrQm5kMG5lL01tQzcvblZxSithZnFJTFdic1JwYUxHVkpZZ1g2RjZiVHJ4THdJdEQzbTZ2eDMzU1U4OHB1Tmo0enlrMkRUcHU0Zm9qNWc9PQ==",
  },
]
`;

exports[`FourKHDHub handle lovely runner 2024 s01e01 1`] = `
[
  {
    "meta": {
      "bytes": 3586297692,
      "countryCodes": [
        "multi",
        "hi",
        "ko",
      ],
      "height": 1080,
      "title": "Lovely.Runner.S01E01.1080p.AMZN.WEB-DL.Hindi.DDP2.0-Korean.DDP2.0.H.264-4kHdHub.Com.mkv",
    },
    "url": "https://hubcloud.foo/drive/8t7i1lrytgz56eo",
  },
  {
    "meta": {
      "bytes": 3586297692,
      "countryCodes": [
        "multi",
        "hi",
        "ko",
      ],
      "height": 1080,
      "title": "Lovely.Runner.S01E01.1080p.AMZN.WEB-DL.Hindi.DDP2.0-Korean.DDP2.0.H.264-4kHdHub.Com.mkv",
    },
    "url": "https://gadgetsweb.xyz/?id=Q1dxTzFnbjhrQm5kMG5lL01tQzcvblZxSithZnFJTFdic1JwYUxHVkpZamlkRi93OE9kLzB0VDlJMnNYd3M3MTBrdE1VTUxiWWovdGE1SmlQa0luWmc9PQ==",
  },
  {
    "meta": {
      "bytes": 10340133765,
      "countryCodes": [
        "multi",
        "hi",
        "ko",
      ],
      "height": 1080,
      "title": "Lovely Runner S01E01 1080p WEB-DL [Hindi DDP 2.0 + Korean DDP 5.1] x264 (PandaMoon-LUMiX).mkv",
    },
    "url": "https://hubcloud.foo/drive/171fxx1xmbezm1r",
  },
  {
    "meta": {
      "bytes": 10340133765,
      "countryCodes": [
        "multi",
        "hi",
        "ko",
      ],
      "height": 1080,
      "title": "Lovely Runner S01E01 1080p WEB-DL [Hindi DDP 2.0 + Korean DDP 5.1] x264 (PandaMoon-LUMiX).mkv",
    },
    "url": "https://gadgetsweb.xyz/?id=Q1dxTzFnbjhrQm5kMG5lL01tQzcvblZxSithZnFJTFdic1JwYUxHVkpZaEV2ZHc3QkR4anVPTjlqS0tMMjJhU0ZsOTZ0akFpVjVYd0lSNk91RzlDZ3c9PQ==",
  },
]
`;

exports[`FourKHDHub handle non-existent devil's bath 2024 gracefully 1`] = `
[
  {
    "meta": {
      "bytes": 3639984783,
      "countryCodes": [
        "multi",
        "hi",
      ],
      "height": 1080,
      "title": "The Devil's Bride (2025) 1080p NF WEB-DL [Org HS Hindi DDP 2.0 + Indonesia AAC 2.0] x264 (KQRM-4kHdHub).mkv",
    },
    "url": "https://hubcloud.foo/drive/oyoihio51n0tkfk",
  },
  {
    "meta": {
      "bytes": 3639984783,
      "countryCodes": [
        "multi",
        "hi",
      ],
      "height": 1080,
      "title": "The Devil's Bride (2025) 1080p NF WEB-DL [Org HS Hindi DDP 2.0 + Indonesia AAC 2.0] x264 (KQRM-4kHdHub).mkv",
    },
    "url": "https://gadgetsweb.xyz/?id=Q1dxTzFnbjhrQm5kMG5lL01tQzcvblZxSithZnFJTFdic1JwYUxHVkpZZ3dFQnFZbHFHRmJkZHBYZTlueDBKdzEybmFhVzV3R1pZeXNxSzV5ZXRKQ0E9PQ==",
  },
  {
    "meta": {
      "bytes": 683430379,
      "countryCodes": [
        "multi",
        "hi",
      ],
      "height": 1080,
      "title": "The Devil's Bride (2025) 1080p NF WEB-DL HEVC [Org HS Hindi DDP 2.0 + Indonesia AAC 2.0] x265 4kHdHub.mkv",
    },
    "url": "https://hubcloud.foo/drive/hmmni7ccj8inkzr",
  },
  {
    "meta": {
      "bytes": 683430379,
      "countryCodes": [
        "multi",
        "hi",
      ],
      "height": 1080,
      "title": "The Devil's Bride (2025) 1080p NF WEB-DL HEVC [Org HS Hindi DDP 2.0 + Indonesia AAC 2.0] x265 4kHdHub.mkv",
    },
    "url": "https://gadgetsweb.xyz/?id=Q1dxTzFnbjhrQm5kMG5lL01tQzcvblZxSithZnFJTFdic1JwYUxHVkpZZ09wbUlyRnhGZnhsTzVKKzRVa0pNQ3NFU0c3QnNhNkxaS01jS2hMYXg2MEE9PQ==",
  },
]
`;

exports[`FourKHDHub handle stranger things s05e08 1`] = `
[
  {
    "meta": {
      "bytes": 7215545057,
      "countryCodes": [
        "multi",
        "en",
        "hi",
        "ta",
        "te",
      ],
      "height": 1080,
      "title": "Stranger.Things.S05E08.Chapter.Eight.The.Rightside.Up.1080p.NF.WEB-DL.Multi.DDP5.1.H.264-4kHdHub.Com.mkv",
    },
    "url": "https://hubcloud.foo/drive/vxjyjvsqva1tfxs",
  },
  {
    "meta": {
      "bytes": 7215545057,
      "countryCodes": [
        "multi",
        "en",
        "hi",
        "ta",
        "te",
      ],
      "height": 1080,
      "title": "Stranger.Things.S05E08.Chapter.Eight.The.Rightside.Up.1080p.NF.WEB-DL.Multi.DDP5.1.H.264-4kHdHub.Com.mkv",
    },
    "url": "https://gadgetsweb.xyz/?id=Q1dxTzFnbjhrQm5kMG5lL01tQzcvblZxSithZnFJTFdic1JwYUxHVkpZZ2VrclVnMllsaW51OTBXak1mb0RYUzdVK1dtVnhORWQxamxYNFFEVWFDcFE9PQ==",
  },
  {
    "meta": {
      "bytes": 5508295557,
      "countryCodes": [
        "multi",
        "en",
        "hi",
        "ta",
        "te",
      ],
      "height": 1080,
      "title": "Stranger.Things.S05E08.Chapter.Eight.The.Rightside.Up.1080p.NF.WEB-DL.Multi.DDP5.1.H.265-4kHdHub.Com.mkv",
    },
    "url": "https://hubcloud.foo/drive/pcn0vz4wm1pzvrk",
  },
  {
    "meta": {
      "bytes": 5508295557,
      "countryCodes": [
        "multi",
        "en",
        "hi",
        "ta",
        "te",
      ],
      "height": 1080,
      "title": "Stranger.Things.S05E08.Chapter.Eight.The.Rightside.Up.1080p.NF.WEB-DL.Multi.DDP5.1.H.265-4kHdHub.Com.mkv",
    },
    "url": "https://gadgetsweb.xyz/?id=Q1dxTzFnbjhrQm5kMG5lL01tQzcvblZxSithZnFJTFdic1JwYUxHVkpZalQ0WWsrSk1JMWgyWk9PeTVoVFh5bDkwaXdLeXRlVnRDMDZsRGphNHRQNGc9PQ==",
  },
  {
    "meta": {
      "bytes": 6002216796,
      "countryCodes": [
        "multi",
        "en",
        "hi",
        "ta",
        "te",
      ],
      "height": 1080,
      "title": "Stranger.Things.S05E08.Chapter.Eight.The.Rightside.Up.1080p.NF.WEB-DL.Multi.DDP5.1.HDR-DV.H.265-4kHdHub.Com.mkv",
    },
    "url": "https://hubcloud.foo/drive/x1wwc1www1grtmg",
  },
  {
    "meta": {
      "bytes": 6002216796,
      "countryCodes": [
        "multi",
        "en",
        "hi",
        "ta",
        "te",
      ],
      "height": 1080,
      "title": "Stranger.Things.S05E08.Chapter.Eight.The.Rightside.Up.1080p.NF.WEB-DL.Multi.DDP5.1.HDR-DV.H.265-4kHdHub.Com.mkv",
    },
    "url": "https://gadgetsweb.xyz/?id=Q1dxTzFnbjhrQm5kMG5lL01tQzcvblZxSithZnFJTFdic1JwYUxHVkpZakQwMElDdk8weTBURGtDVVlDV09Damp2d3ZBVE83TTdtaWRWMExsa0ZBSXc9PQ==",
  },
  {
    "meta": {
      "bytes": 1513975971,
      "countryCodes": [
        "multi",
        "en",
        "hi",
        "ta",
        "te",
      ],
      "height": 1080,
      "title": "Stranger.Things.S05E08.Chapter.Eight.The.Rightside.Up.1080p.NF.WEB-DL.Multi.AAC5.1.AV1-4kHdHub.Com.mkv",
    },
    "url": "https://hubcloud.foo/drive/efsgttxesa22ale",
  },
  {
    "meta": {
      "bytes": 1513975971,
      "countryCodes": [
        "multi",
        "en",
        "hi",
        "ta",
        "te",
      ],
      "height": 1080,
      "title": "Stranger.Things.S05E08.Chapter.Eight.The.Rightside.Up.1080p.NF.WEB-DL.Multi.AAC5.1.AV1-4kHdHub.Com.mkv",
    },
    "url": "https://gadgetsweb.xyz/?id=Q1dxTzFnbjhrQm5kMG5lL01tQzcvblZxSithZnFJTFdic1JwYUxHVkpZaVVyY21NYTBNMEh3WnZjZHdwYncycjdyc1liUjdldW9GTWp3ZVdIYmVTUGc9PQ==",
  },
  {
    "meta": {
      "bytes": 17544941404,
      "countryCodes": [
        "multi",
        "en",
        "hi",
        "ta",
        "te",
      ],
      "height": 2160,
      "title": "Stranger.Things.S05E08.Chapter.Eight.The.Rightside.Up.2160p.REPACK.NF.SDR.WEB-DL.Multi.DDP5.1.Atmos.H.265-4kHDHub.com.mkv",
    },
    "url": "https://hubcloud.foo/drive/vjt411st2kqtcpo",
  },
  {
    "meta": {
      "bytes": 17544941404,
      "countryCodes": [
        "multi",
        "en",
        "hi",
        "ta",
        "te",
      ],
      "height": 2160,
      "title": "Stranger.Things.S05E08.Chapter.Eight.The.Rightside.Up.2160p.REPACK.NF.SDR.WEB-DL.Multi.DDP5.1.Atmos.H.265-4kHDHub.com.mkv",
    },
    "url": "https://gadgetsweb.xyz/?id=Q1dxTzFnbjhrQm5kMG5lL01tQzcvblZxSithZnFJTFdic1JwYUxHVkpZZ0lUeXduekw5Wm15T1I2dUd5d3ZUcmdTU3FkdXlEeFhId0lGMWhoc1dnTFE9PQ==",
  },
  {
    "meta": {
      "bytes": 20884278476,
      "countryCodes": [
        "multi",
        "en",
        "hi",
        "ta",
        "te",
      ],
      "height": 2160,
      "title": "Stranger.Things.S05E08.Chapter.Eight.The.Rightside.Up.2160p.REPACK.NF.WEB-DL.Multi.DDP5.1.Atmos.DV.HDR.H.265-4kHDHub.com.mkv",
    },
    "url": "https://hubcloud.foo/drive/kmu15o2v21pkk6c",
  },
  {
    "meta": {
      "bytes": 20884278476,
      "countryCodes": [
        "multi",
        "en",
        "hi",
        "ta",
        "te",
      ],
      "height": 2160,
      "title": "Stranger.Things.S05E08.Chapter.Eight.The.Rightside.Up.2160p.REPACK.NF.WEB-DL.Multi.DDP5.1.Atmos.DV.HDR.H.265-4kHDHub.com.mkv",
    },
    "url": "https://gadgetsweb.xyz/?id=Q1dxTzFnbjhrQm5kMG5lL01tQzcvblZxSithZnFJTFdic1JwYUxHVkpZZ29CQU1OSVozRzFKNWM1azJXSHprYUhCaW9vTWxkeWMxQ0RJM3E5b0E4dWc9PQ==",
  },
]
`;

exports[`FourKHDHub handle superman 2025 1`] = `
[
  {
    "meta": {
      "bytes": 65326452572,
      "countryCodes": [
        "multi",
        "en",
        "hi",
        "ta",
        "te",
      ],
      "height": 2160,
      "title": "Superman (2025) 2160p UHD BluRay REMUX DoVi HDR HEVC [Hin-Tam-Tel DDP 5.1 + English TrueHD.Atmos 7.1] (CiNEPHiLES-Ionicboy).mkv",
    },
    "url": "https://hubcloud.foo/file/14019654338",
  },
  {
    "meta": {
      "bytes": 65326452572,
      "countryCodes": [
        "multi",
        "en",
        "hi",
        "ta",
        "te",
      ],
      "height": 2160,
      "title": "Superman (2025) 2160p UHD BluRay REMUX DoVi HDR HEVC [Hin-Tam-Tel DDP 5.1 + English TrueHD.Atmos 7.1] (CiNEPHiLES-Ionicboy).mkv",
    },
    "url": "https://gadgetsweb.xyz/?id=Q1dxTzFnbjhrQm5kMG5lL01tQzcvblZxSithZnFJTFdic1JwYUxHVkpZaWNPaE1HRnlnRzZ4SVRaRDEzWGRVUVhtbVYyZFFaSFhhYmZmU2R3eEhvbVE9PQ==",
  },
  {
    "meta": {
      "bytes": 36335423324,
      "countryCodes": [
        "multi",
        "en",
        "hi",
        "ta",
        "te",
      ],
      "height": 2160,
      "title": "Superman (2025) 2160p 10bit BluRay DoVi HDR HEVC [Hin-Tam-Tel DDP 5.1 + English DDP.Atmos 7.1] x265 (WiKi-Ionicboy).mkv",
    },
    "url": "https://hubcloud.foo/drive/1y01oqhmc1qkhhn",
  },
  {
    "meta": {
      "bytes": 36335423324,
      "countryCodes": [
        "multi",
        "en",
        "hi",
        "ta",
        "te",
      ],
      "height": 2160,
      "title": "Superman (2025) 2160p 10bit BluRay DoVi HDR HEVC [Hin-Tam-Tel DDP 5.1 + English DDP.Atmos 7.1] x265 (WiKi-Ionicboy).mkv",
    },
    "url": "https://gadgetsweb.xyz/?id=Q1dxTzFnbjhrQm5kMG5lL01tQzcvblZxSithZnFJTFdic1JwYUxHVkpZZzIvVWZuTEhoRy9kb1RTRUN3WVZVTlZ1dVNQbVhGaG5oZnFRQlM4NTk3dUE9PQ==",
  },
  {
    "meta": {
      "bytes": 26940182364,
      "countryCodes": [
        "multi",
        "en",
        "hi",
        "ta",
        "te",
      ],
      "height": 1080,
      "title": "Superman (2025) 1080p BluRay REMUX AVC [Hin-Tam-Tel DDP 5.1 + English TrueHD.Atmos 7.1] (FraMeSToR-Ionicboy).mkv",
    },
    "url": "https://hubcloud.foo/drive/2nx1rzuzhtokphj",
  },
  {
    "meta": {
      "bytes": 26940182364,
      "countryCodes": [
        "multi",
        "en",
        "hi",
        "ta",
        "te",
      ],
      "height": 1080,
      "title": "Superman (2025) 1080p BluRay REMUX AVC [Hin-Tam-Tel DDP 5.1 + English TrueHD.Atmos 7.1] (FraMeSToR-Ionicboy).mkv",
    },
    "url": "https://gadgetsweb.xyz/?id=Q1dxTzFnbjhrQm5kMG5lL01tQzcvblZxSithZnFJTFdic1JwYUxHVkpZZzNoUE9RejlZUTZmU3pPS1dmZWNpTWF5eU5tZHZ3dVBRbUR6Q1NYZDF2bHc9PQ==",
  },
  {
    "meta": {
      "bytes": 26671746908,
      "countryCodes": [
        "multi",
        "en",
        "hi",
        "ta",
        "te",
      ],
      "height": 2160,
      "title": "Superman (2025) IMAX 2160p MA WEB-DL DV HDR10+ 10bit HEVC [Hindi-Tamil-Telugu DDP 5.1 + English DDP Atmos 5.1] x265 (126811-LUMiX).mkv",
    },
    "url": "https://hubcloud.foo/drive/vhcdcl3dyw0g00f",
  },
  {
    "meta": {
      "bytes": 26671746908,
      "countryCodes": [
        "multi",
        "en",
        "hi",
        "ta",
        "te",
      ],
      "height": 2160,
      "title": "Superman (2025) IMAX 2160p MA WEB-DL DV HDR10+ 10bit HEVC [Hindi-Tamil-Telugu DDP 5.1 + English DDP Atmos 5.1] x265 (126811-LUMiX).mkv",
    },
    "url": "https://gadgetsweb.xyz/?id=Q1dxTzFnbjhrQm5kMG5lL01tQzcvblZxSithZnFJTFdic1JwYUxHVkpZaXlpZWo1aTZSUXVyb004b0tUTU9vWXZGUTZqUEk0MXZHdnF3UnhFVFhXdVE9PQ==",
  },
  {
    "meta": {
      "bytes": 26661009489,
      "countryCodes": [
        "multi",
        "en",
        "hi",
        "ta",
        "te",
      ],
      "height": 2160,
      "title": "Superman (2025) IMAX 2160p MA WEB-DL SDR 10bit HEVC [Hindi-Tamil-Telugu DDP 5.1 + English DDP Atmos 5.1] x265 (HONE-LUMiX).mkv",
    },
    "url": "https://hubcloud.foo/drive/rwit2wctpiuiw51",
  },
  {
    "meta": {
      "bytes": 26661009489,
      "countryCodes": [
        "multi",
        "en",
        "hi",
        "ta",
        "te",
      ],
      "height": 2160,
      "title": "Superman (2025) IMAX 2160p MA WEB-DL SDR 10bit HEVC [Hindi-Tamil-Telugu DDP 5.1 + English DDP Atmos 5.1] x265 (HONE-LUMiX).mkv",
    },
    "url": "https://gadgetsweb.xyz/?id=Q1dxTzFnbjhrQm5kMG5lL01tQzcvblZxSithZnFJTFdic1JwYUxHVkpZaDBjV2laVGJCNmgvYXppNm5RNVl5WURld1hiYk1KMFdUSFROZ1h6ckpvaHc9PQ==",
  },
  {
    "meta": {
      "bytes": 23665269800,
      "countryCodes": [
        "multi",
        "en",
        "hi",
        "ta",
        "te",
      ],
      "height": 1080,
      "title": "Superman (2025) IMAX 1080p MA WEBRip [Hindi-Tamil-Telugu DDP 5.1 + English DDP Atmos 5.1] x264 (HiDt-LUMiX).mkv",
    },
    "url": "https://hubcloud.foo/drive/2i1vnx0nnxxsnnz",
  },
  {
    "meta": {
      "bytes": 23665269800,
      "countryCodes": [
        "multi",
        "en",
        "hi",
        "ta",
        "te",
      ],
      "height": 1080,
      "title": "Superman (2025) IMAX 1080p MA WEBRip [Hindi-Tamil-Telugu DDP 5.1 + English DDP Atmos 5.1] x264 (HiDt-LUMiX).mkv",
    },
    "url": "https://gadgetsweb.xyz/?id=Q1dxTzFnbjhrQm5kMG5lL01tQzcvblZxSithZnFJTFdic1JwYUxHVkpZajBMM2QrY0RQQmhxRHpnaTByTFIxekpVVEN4dHZ6Y25vRmxkWHF5Q1NmZVE9PQ==",
  },
  {
    "meta": {
      "bytes": 21775484190,
      "countryCodes": [
        "multi",
        "en",
        "hi",
        "ta",
        "te",
      ],
      "height": 1080,
      "title": "Superman (2025) 1080p 10bit UHD BluRay DoVi HDR HEVC [Hin-Tam-Tel DDP 5.1 + English DDP 7.1] H.265 (ATELiER-Ionicboy).mkv",
    },
    "url": "https://hubcloud.foo/drive/oi7nukpci9igocg",
  },
  {
    "meta": {
      "bytes": 21775484190,
      "countryCodes": [
        "multi",
        "en",
        "hi",
        "ta",
        "te",
      ],
      "height": 1080,
      "title": "Superman (2025) 1080p 10bit UHD BluRay DoVi HDR HEVC [Hin-Tam-Tel DDP 5.1 + English DDP 7.1] H.265 (ATELiER-Ionicboy).mkv",
    },
    "url": "https://gadgetsweb.xyz/?id=Q1dxTzFnbjhrQm5kMG5lL01tQzcvblZxSithZnFJTFdic1JwYUxHVkpZZ3JHK21kQ3JCZkpaTlJhcERrcDR1Y3pYU0laU1ZrSXBpT2l5T0dkalM4WkE9PQ==",
  },
  {
    "meta": {
      "bytes": 20862803640,
      "countryCodes": [
        "multi",
        "en",
        "hi",
        "ta",
        "te",
      ],
      "height": 2160,
      "title": "Superman (2025) 2160p 10bit UHD BluRay DoVi HDR HEVC [Hin-Tam-Tel DDP 5.1 + English DDP.Atmos 7.1] x265 (hallowed-Ionicboy).mkv",
    },
    "url": "https://hubcloud.foo/drive/eppptve2eu0xdpd",
  },
  {
    "meta": {
      "bytes": 20862803640,
      "countryCodes": [
        "multi",
        "en",
        "hi",
        "ta",
        "te",
      ],
      "height": 2160,
      "title": "Superman (2025) 2160p 10bit UHD BluRay DoVi HDR HEVC [Hin-Tam-Tel DDP 5.1 + English DDP.Atmos 7.1] x265 (hallowed-Ionicboy).mkv",
    },
    "url": "https://gadgetsweb.xyz/?id=Q1dxTzFnbjhrQm5kMG5lL01tQzcvblZxSithZnFJTFdic1JwYUxHVkpZaERJbkJuOGFuN05EL0o5cXdVZnhKVHB2WW9oTVFJNjFjOFdVeW8rSXUwN3c9PQ==",
  },
  {
    "meta": {
      "bytes": 16943645982,
      "countryCodes": [
        "multi",
        "en",
        "hi",
        "ta",
        "te",
      ],
      "height": 1080,
      "title": "Superman (2025) 1080p BluRay [Hin-Tam-Tel DDP 5.1 + English DDP.Atmos 7.1] x264 (WiKi-Ionicboy).mkv",
    },
    "url": "https://hubcloud.foo/drive/yfjl0sjfhfm0ofy",
  },
  {
    "meta": {
      "bytes": 16943645982,
      "countryCodes": [
        "multi",
        "en",
        "hi",
        "ta",
        "te",
      ],
      "height": 1080,
      "title": "Superman (2025) 1080p BluRay [Hin-Tam-Tel DDP 5.1 + English DDP.Atmos 7.1] x264 (WiKi-Ionicboy).mkv",
    },
    "url": "https://gadgetsweb.xyz/?id=Q1dxTzFnbjhrQm5kMG5lL01tQzcvblZxSithZnFJTFdic1JwYUxHVkpZZ3ZpNSt0MzFKb0tscHBpSXN1Z3JEdGpGTGVXbDgybUZwaVExc2tiV2hNZlE9PQ==",
  },
  {
    "meta": {
      "bytes": 10307921510,
      "countryCodes": [
        "multi",
        "en",
        "hi",
        "ta",
        "te",
      ],
      "height": 1080,
      "title": "Superman (2025) IMAX 1080p MA WEB-DL [Hindi-Tamil-Telugu DDP 5.1 + English DDP Atmos 5.1] x264 (BYNDR-LUMiX).mkv",
    },
    "url": "https://hubcloud.foo/drive/ntjnpq5qa5tqtna",
  },
  {
    "meta": {
      "bytes": 10307921510,
      "countryCodes": [
        "multi",
        "en",
        "hi",
        "ta",
        "te",
      ],
      "height": 1080,
      "title": "Superman (2025) IMAX 1080p MA WEB-DL [Hindi-Tamil-Telugu DDP 5.1 + English DDP Atmos 5.1] x264 (BYNDR-LUMiX).mkv",
    },
    "url": "https://gadgetsweb.xyz/?id=Q1dxTzFnbjhrQm5kMG5lL01tQzcvblZxSithZnFJTFdic1JwYUxHVkpZZ1pZYjJMUTBZTlpmNHRiT2VEMWs1SG1nMTZLODNqTTV2anRzbUg4eUZqVmc9PQ==",
  },
  {
    "meta": {
      "bytes": 9384503541,
      "countryCodes": [
        "multi",
        "en",
        "hi",
        "ta",
        "te",
      ],
      "height": 1080,
      "title": "Superman (2025) 1080p 10bit BluRay HEVC [Hin-Tam-Tel DDP 5.1 + English DDP.Atmos 7.1] x265 (HONE-Ionicboy).mkv",
    },
    "url": "https://hubcloud.foo/drive/2mmwjhek93ksz1j",
  },
  {
    "meta": {
      "bytes": 9384503541,
      "countryCodes": [
        "multi",
        "en",
        "hi",
        "ta",
        "te",
      ],
      "height": 1080,
      "title": "Superman (2025) 1080p 10bit BluRay HEVC [Hin-Tam-Tel DDP 5.1 + English DDP.Atmos 7.1] x265 (HONE-Ionicboy).mkv",
    },
    "url": "https://gadgetsweb.xyz/?id=Q1dxTzFnbjhrQm5kMG5lL01tQzcvblZxSithZnFJTFdic1JwYUxHVkpZak8yTzZJTnMxcmNpYWhYTkxuaFBkTElWc2psQXQ3NjVkWTNiSEViMFNlc2c9PQ==",
  },
  {
    "meta": {
      "bytes": 7451768258,
      "countryCodes": [
        "multi",
        "en",
        "hi",
        "ta",
        "te",
      ],
      "height": 1080,
      "title": "Superman (2025) IMAX 1080p DS4K MA WEBRip 10bit HEVC [Hindi-Tamil-Telugu DDP 5.1 + English DDP Atmos 5.1] x265 (StOiC-LUMiX).mkv",
    },
    "url": "https://hubcloud.foo/drive/f8a1y8218xq1xl1",
  },
  {
    "meta": {
      "bytes": 7451768258,
      "countryCodes": [
        "multi",
        "en",
        "hi",
        "ta",
        "te",
      ],
      "height": 1080,
      "title": "Superman (2025) IMAX 1080p DS4K MA WEBRip 10bit HEVC [Hindi-Tamil-Telugu DDP 5.1 + English DDP Atmos 5.1] x265 (StOiC-LUMiX).mkv",
    },
    "url": "https://gadgetsweb.xyz/?id=Q1dxTzFnbjhrQm5kMG5lL01tQzcvblZxSithZnFJTFdic1JwYUxHVkpZaFZ1U0VPN0tmWTVKRUZ0OXVyakR1WkRHeVA1ZTJvekNYNUR3ZjJwOGE0d1E9PQ==",
  },
]
`;

exports[`FourKHDHub handle the tank 1`] = `
[
  {
    "meta": {
      "bytes": 14688788152,
      "countryCodes": [
        "multi",
        "de",
        "en",
        "hi",
      ],
      "height": 2160,
      "title": "The.Tank.2025.2160p.AMZN.WEB-DL.Multi.DDP5.1.HDR.H.265-4kHdHub.Com.mkv",
    },
    "url": "https://hubcloud.foo/drive/5ocppg18qpun5nb",
  },
  {
    "meta": {
      "bytes": 14688788152,
      "countryCodes": [
        "multi",
        "de",
        "en",
        "hi",
      ],
      "height": 2160,
      "title": "The.Tank.2025.2160p.AMZN.WEB-DL.Multi.DDP5.1.HDR.H.265-4kHdHub.Com.mkv",
    },
    "url": "https://gadgetsweb.xyz/?id=Q1dxTzFnbjhrQm5kMG5lL01tQzcvblZxSithZnFJTFdic1JwYUxHVkpZajFGVzNTK2FTSnJISENuMUNBZTl4WVVseVlwT0FIRTd4MURRNmpRR1I1eVE9PQ==",
  },
  {
    "meta": {
      "bytes": 14667313315,
      "countryCodes": [
        "multi",
        "de",
        "en",
        "hi",
      ],
      "height": 2160,
      "title": "The.Tank.2025.2160p.AMZN.WEB-DL.Multi.DDP5.1.H.265-4kHdHub.Com.mkv",
    },
    "url": "https://hubcloud.foo/drive/qzs8ys88skusyst",
  },
  {
    "meta": {
      "bytes": 14667313315,
      "countryCodes": [
        "multi",
        "de",
        "en",
        "hi",
      ],
      "height": 2160,
      "title": "The.Tank.2025.2160p.AMZN.WEB-DL.Multi.DDP5.1.H.265-4kHdHub.Com.mkv",
    },
    "url": "https://gadgetsweb.xyz/?id=Q1dxTzFnbjhrQm5kMG5lL01tQzcvblZxSithZnFJTFdic1JwYUxHVkpZakljTysxWUdMUXlRUFFJa0JLS3RZdGJPcGZmWElna3l3K0gvM2doaVhJNEE9PQ==",
  },
  {
    "meta": {
      "bytes": 9953586708,
      "countryCodes": [
        "multi",
        "de",
        "en",
        "hi",
      ],
      "height": 1080,
      "title": "The.Tank.2025.1080p.AMZN.WEB-DL.Multi.DDP5.1.H.264-4kHdHub.Com.mkv",
    },
    "url": "https://hubcloud.foo/drive/7bm6zx26sf1ofis",
  },
  {
    "meta": {
      "bytes": 9953586708,
      "countryCodes": [
        "multi",
        "de",
        "en",
        "hi",
      ],
      "height": 1080,
      "title": "The.Tank.2025.1080p.AMZN.WEB-DL.Multi.DDP5.1.H.264-4kHdHub.Com.mkv",
    },
    "url": "https://gadgetsweb.xyz/?id=Q1dxTzFnbjhrQm5kMG5lL01tQzcvblZxSithZnFJTFdic1JwYUxHVkpZaUYxRXdPaU5XdVBlK2dWYjl4RnNEZkVhbEtjUndIK1JPV1lPTkxqNWtHb1E9PQ==",
  },
  {
    "meta": {
      "bytes": 4456028569,
      "countryCodes": [
        "multi",
        "de",
        "en",
        "hi",
      ],
      "height": 1080,
      "title": "The.Tank.2025.1080p.AMZN.WEB-DL.Multi.DDP5.1.H.265-4kHdHub.Com.mkv",
    },
    "url": "https://hubcloud.foo/drive/fmhbhwnhdwwxddw",
  },
  {
    "meta": {
      "bytes": 4456028569,
      "countryCodes": [
        "multi",
        "de",
        "en",
        "hi",
      ],
      "height": 1080,
      "title": "The.Tank.2025.1080p.AMZN.WEB-DL.Multi.DDP5.1.H.265-4kHdHub.Com.mkv",
    },
    "url": "https://gadgetsweb.xyz/?id=Q1dxTzFnbjhrQm5kMG5lL01tQzcvblZxSithZnFJTFdic1JwYUxHVkpZaWNNT2NiVFo3UjZ6UENsV1RrYzUzWUMrUnVocnBGMENoT2ErcTA2RzBabFE9PQ==",
  },
]
`;
